2025-09-06 01:14:51,281 - INFO - Starting with 23 raw files, 23 already processed
2025-09-06 01:14:51,282 - INFO - Starting text cleaning process
2025-09-06 01:14:51,282 - INFO - All files have already been processed
2025-09-06 01:14:51,283 - INFO - Cleaning completed:
2025-09-06 01:14:51,283 - INFO -   - Raw files: 23
2025-09-06 01:14:51,284 - INFO -   - Processed files: 23
2025-09-06 01:14:51,284 - INFO -   - Output files: 1
2025-09-06 01:14:51,284 - INFO -   - Total output size: 18.22 MB
2025-09-06 01:15:41,368 - INFO - Starting with 23 raw files, 0 already processed
2025-09-06 01:15:41,369 - INFO - Starting text cleaning process
2025-09-06 01:16:03,815 - INFO - Created new output file: cleaned_posts_0002.txt
2025-09-06 01:16:45,750 - INFO - Created new output file: cleaned_posts_0003.txt
2025-09-06 01:17:25,738 - INFO - Created new output file: cleaned_posts_0004.txt
2025-09-06 01:18:13,447 - INFO - Created new output file: cleaned_posts_0005.txt
2025-09-06 01:18:48,718 - INFO - Created new output file: cleaned_posts_0006.txt
2025-09-06 01:19:33,175 - INFO - Created new output file: cleaned_posts_0007.txt
2025-09-06 01:19:48,360 - INFO - Text cleaning completed. Total posts processed: 1049
2025-09-06 01:19:48,361 - INFO - Output files saved in: data/clean
2025-09-06 01:19:48,372 - INFO - Cleaning completed:
2025-09-06 01:19:48,372 - INFO -   - Raw files: 23
2025-09-06 01:19:48,372 - INFO -   - Processed files: 23
2025-09-06 01:19:48,373 - INFO -   - Output files: 7
2025-09-06 01:19:48,375 - INFO -   - Total output size: 22.47 MB
